Archive member included to satisfy reference by file (symbol)

P:\Eigenprojekte\NXP\NXPriment\APP\CMSISv2p00_LPC11xx\Debug\libCMSISv2p00_LPC11xx.a(system_LPC11xx.o)
                              ./src/Initialization.o (SystemCoreClockUpdate)
c:/nxp/lpcxpresso_8.2.2_650/lpcxpresso/tools/bin/../lib/gcc/arm-none-eabi/5.4.1/../../../../arm-none-eabi/lib/armv6-m\libcr_c.a(__weak__main.o)
                              ./src/cr_startup_lpc11xx.o (__main)
c:/nxp/lpcxpresso_8.2.2_650/lpcxpresso/tools/bin/../lib/gcc/arm-none-eabi/5.4.1/../../../../arm-none-eabi/lib/armv6-m\libcr_c.a(log10.o)
                              ./src/Measurements.o (log10)
c:/nxp/lpcxpresso_8.2.2_650/lpcxpresso/tools/bin/../lib/gcc/arm-none-eabi/5.4.1/../../../../arm-none-eabi/lib/armv6-m\libcr_c.a(log.o)
                              c:/nxp/lpcxpresso_8.2.2_650/lpcxpresso/tools/bin/../lib/gcc/arm-none-eabi/5.4.1/../../../../arm-none-eabi/lib/armv6-m\libcr_c.a(log10.o) (log)
c:/nxp/lpcxpresso_8.2.2_650/lpcxpresso/tools/bin/../lib/gcc/arm-none-eabi/5.4.1/../../../../arm-none-eabi/lib/armv6-m\libcr_c.a(_hugeval.o)
                              c:/nxp/lpcxpresso_8.2.2_650/lpcxpresso/tools/bin/../lib/gcc/arm-none-eabi/5.4.1/../../../../arm-none-eabi/lib/armv6-m\libcr_c.a(log.o) (__huge_val)
c:/nxp/lpcxpresso_8.2.2_650/lpcxpresso/tools/bin/../lib/gcc/arm-none-eabi/5.4.1/../../../../arm-none-eabi/lib/armv6-m\libcr_c.a(errno.o)
                              c:/nxp/lpcxpresso_8.2.2_650/lpcxpresso/tools/bin/../lib/gcc/arm-none-eabi/5.4.1/../../../../arm-none-eabi/lib/armv6-m\libcr_c.a(log.o) (errno)
c:/nxp/lpcxpresso_8.2.2_650/lpcxpresso/tools/bin/../lib/gcc/arm-none-eabi/5.4.1/../../../../arm-none-eabi/lib/armv6-m\libcr_c.a(frexp.o)
                              c:/nxp/lpcxpresso_8.2.2_650/lpcxpresso/tools/bin/../lib/gcc/arm-none-eabi/5.4.1/../../../../arm-none-eabi/lib/armv6-m\libcr_c.a(log.o) (frexp)
c:/nxp/lpcxpresso_8.2.2_650/lpcxpresso/tools/bin/../lib/gcc/arm-none-eabi/5.4.1/armv6-m\libcr_eabihelpers.a(division_32.o)
                              ./src/Timer.o (__aeabi_uidiv)
c:/nxp/lpcxpresso_8.2.2_650/lpcxpresso/tools/bin/../lib/gcc/arm-none-eabi/5.4.1/armv6-m\libcr_eabihelpers.a(division_idiv0.o)
                              c:/nxp/lpcxpresso_8.2.2_650/lpcxpresso/tools/bin/../lib/gcc/arm-none-eabi/5.4.1/armv6-m\libcr_eabihelpers.a(division_32.o) (__aeabi_idiv0)
c:/nxp/lpcxpresso_8.2.2_650/lpcxpresso/tools/bin/../lib/gcc/arm-none-eabi/5.4.1/armv6-m\libcr_eabihelpers.a(double.o)
                              ./src/Measurements.o (__aeabi_dmul)
c:/nxp/lpcxpresso_8.2.2_650/lpcxpresso/tools/bin/../lib/gcc/arm-none-eabi/5.4.1/armv6-m\libcr_eabihelpers.a(float.o)
                              ./src/Measurements.o (__aeabi_f2d)
c:/nxp/lpcxpresso_8.2.2_650/lpcxpresso/tools/bin/../lib/gcc/arm-none-eabi/5.4.1/armv6-m\libcr_eabihelpers.a(llong.o)
                              c:/nxp/lpcxpresso_8.2.2_650/lpcxpresso/tools/bin/../lib/gcc/arm-none-eabi/5.4.1/armv6-m\libcr_eabihelpers.a(double.o) (__aeabi_lmul)

Discarded input sections

 .group         0x00000000        0x8 ./src/APP.o
 .group         0x00000000        0x8 ./src/APP.o
 .group         0x00000000        0x8 ./src/APP.o
 .group         0x00000000        0x8 ./src/APP.o
 .group         0x00000000        0x8 ./src/APP.o
 .group         0x00000000        0x8 ./src/APP.o
 .group         0x00000000        0x8 ./src/APP.o
 .group         0x00000000        0x8 ./src/APP.o
 .group         0x00000000        0x8 ./src/APP.o
 .group         0x00000000        0x8 ./src/APP.o
 .group         0x00000000        0x8 ./src/APP.o
 .text          0x00000000        0x0 ./src/APP.o
 .data          0x00000000        0x0 ./src/APP.o
 .bss           0x00000000        0x0 ./src/APP.o
 .rodata.LPC_GPIO
                0x00000000       0x10 ./src/APP.o
 .group         0x00000000        0x8 ./src/Initialization.o
 .group         0x00000000        0x8 ./src/Initialization.o
 .group         0x00000000        0x8 ./src/Initialization.o
 .group         0x00000000        0x8 ./src/Initialization.o
 .group         0x00000000        0x8 ./src/Initialization.o
 .group         0x00000000        0x8 ./src/Initialization.o
 .group         0x00000000        0x8 ./src/Initialization.o
 .group         0x00000000        0x8 ./src/Initialization.o
 .group         0x00000000        0x8 ./src/Initialization.o
 .group         0x00000000        0x8 ./src/Initialization.o
 .text          0x00000000        0x0 ./src/Initialization.o
 .data          0x00000000        0x0 ./src/Initialization.o
 .bss           0x00000000        0x0 ./src/Initialization.o
 .rodata.LPC_GPIO
                0x00000000       0x10 ./src/Initialization.o
 .debug_macro   0x00000000      0x83e ./src/Initialization.o
 .debug_macro   0x00000000       0x1c ./src/Initialization.o
 .debug_macro   0x00000000       0x2e ./src/Initialization.o
 .debug_macro   0x00000000       0x10 ./src/Initialization.o
 .debug_macro   0x00000000      0x12d ./src/Initialization.o
 .debug_macro   0x00000000      0x5b2 ./src/Initialization.o
 .debug_macro   0x00000000      0x237 ./src/Initialization.o
 .debug_macro   0x00000000      0x123 ./src/Initialization.o
 .debug_macro   0x00000000       0x22 ./src/Initialization.o
 .debug_macro   0x00000000       0x82 ./src/Initialization.o
 .group         0x00000000        0x8 ./src/Measurements.o
 .group         0x00000000        0x8 ./src/Measurements.o
 .group         0x00000000        0x8 ./src/Measurements.o
 .group         0x00000000        0x8 ./src/Measurements.o
 .group         0x00000000        0x8 ./src/Measurements.o
 .group         0x00000000        0x8 ./src/Measurements.o
 .group         0x00000000        0x8 ./src/Measurements.o
 .group         0x00000000        0x8 ./src/Measurements.o
 .group         0x00000000        0x8 ./src/Measurements.o
 .group         0x00000000        0x8 ./src/Measurements.o
 .group         0x00000000        0x8 ./src/Measurements.o
 .text          0x00000000        0x0 ./src/Measurements.o
 .data          0x00000000        0x0 ./src/Measurements.o
 .bss           0x00000000        0x0 ./src/Measurements.o
 .rodata.LPC_GPIO
                0x00000000       0x10 ./src/Measurements.o
 .bss.fDewpoint
                0x00000000        0x4 ./src/Measurements.o
 .bss.ucHumidity
                0x00000000        0x1 ./src/Measurements.o
 .bss.ucTemperature
                0x00000000        0x1 ./src/Measurements.o
 .text.get_dewpoint
                0x00000000       0xf8 ./src/Measurements.o
 .debug_macro   0x00000000      0x83e ./src/Measurements.o
 .debug_macro   0x00000000       0x1c ./src/Measurements.o
 .debug_macro   0x00000000       0x2e ./src/Measurements.o
 .debug_macro   0x00000000       0x10 ./src/Measurements.o
 .debug_macro   0x00000000      0x12d ./src/Measurements.o
 .debug_macro   0x00000000      0x5b2 ./src/Measurements.o
 .debug_macro   0x00000000      0x237 ./src/Measurements.o
 .debug_macro   0x00000000      0x123 ./src/Measurements.o
 .debug_macro   0x00000000       0x22 ./src/Measurements.o
 .debug_macro   0x00000000       0x82 ./src/Measurements.o
 .debug_macro   0x00000000       0xc4 ./src/Measurements.o
 .group         0x00000000        0x8 ./src/Timer.o
 .group         0x00000000        0x8 ./src/Timer.o
 .group         0x00000000        0x8 ./src/Timer.o
 .group         0x00000000        0x8 ./src/Timer.o
 .group         0x00000000        0x8 ./src/Timer.o
 .group         0x00000000        0x8 ./src/Timer.o
 .group         0x00000000        0x8 ./src/Timer.o
 .group         0x00000000        0x8 ./src/Timer.o
 .group         0x00000000        0x8 ./src/Timer.o
 .group         0x00000000        0x8 ./src/Timer.o
 .text          0x00000000        0x0 ./src/Timer.o
 .data          0x00000000        0x0 ./src/Timer.o
 .bss           0x00000000        0x0 ./src/Timer.o
 .rodata.LPC_GPIO
                0x00000000       0x10 ./src/Timer.o
 .debug_macro   0x00000000      0x83e ./src/Timer.o
 .debug_macro   0x00000000       0x1c ./src/Timer.o
 .debug_macro   0x00000000       0x2e ./src/Timer.o
 .debug_macro   0x00000000       0x10 ./src/Timer.o
 .debug_macro   0x00000000      0x12d ./src/Timer.o
 .debug_macro   0x00000000      0x5b2 ./src/Timer.o
 .debug_macro   0x00000000      0x237 ./src/Timer.o
 .debug_macro   0x00000000      0x123 ./src/Timer.o
 .debug_macro   0x00000000       0x22 ./src/Timer.o
 .debug_macro   0x00000000       0x82 ./src/Timer.o
 .group         0x00000000        0x8 ./src/cr_startup_lpc11xx.o
 .text          0x00000000        0x0 ./src/cr_startup_lpc11xx.o
 .data          0x00000000        0x0 ./src/cr_startup_lpc11xx.o
 .bss           0x00000000        0x0 ./src/cr_startup_lpc11xx.o
 .debug_macro   0x00000000      0x83e ./src/cr_startup_lpc11xx.o
 .group         0x00000000        0x8 ./src/crp.o
 .group         0x00000000        0x8 ./src/crp.o
 .text          0x00000000        0x0 ./src/crp.o
 .data          0x00000000        0x0 ./src/crp.o
 .bss           0x00000000        0x0 ./src/crp.o
 .debug_macro   0x00000000      0x83e ./src/crp.o
 .group         0x00000000        0x8 ./src/gpio.o
 .group         0x00000000        0x8 ./src/gpio.o
 .group         0x00000000        0x8 ./src/gpio.o
 .group         0x00000000        0x8 ./src/gpio.o
 .group         0x00000000        0x8 ./src/gpio.o
 .group         0x00000000        0x8 ./src/gpio.o
 .group         0x00000000        0x8 ./src/gpio.o
 .group         0x00000000        0x8 ./src/gpio.o
 .group         0x00000000        0x8 ./src/gpio.o
 .text          0x00000000        0x0 ./src/gpio.o
 .data          0x00000000        0x0 ./src/gpio.o
 .bss           0x00000000        0x0 ./src/gpio.o
 .bss.gpio0_counter
                0x00000000        0x4 ./src/gpio.o
 .bss.gpio1_counter
                0x00000000        0x4 ./src/gpio.o
 .bss.gpio2_counter
                0x00000000        0x4 ./src/gpio.o
 .bss.gpio3_counter
                0x00000000        0x4 ./src/gpio.o
 .bss.p0_1_counter
                0x00000000        0x4 ./src/gpio.o
 .bss.p1_1_counter
                0x00000000        0x4 ./src/gpio.o
 .bss.p2_1_counter
                0x00000000        0x4 ./src/gpio.o
 .bss.p3_1_counter
                0x00000000        0x4 ./src/gpio.o
 .text.GPIOGetValue
                0x00000000       0x58 ./src/gpio.o
 .debug_macro   0x00000000      0x83e ./src/gpio.o
 .debug_macro   0x00000000       0x1c ./src/gpio.o
 .debug_macro   0x00000000       0x2e ./src/gpio.o
 .debug_macro   0x00000000       0x10 ./src/gpio.o
 .debug_macro   0x00000000      0x12d ./src/gpio.o
 .debug_macro   0x00000000      0x5b2 ./src/gpio.o
 .debug_macro   0x00000000      0x237 ./src/gpio.o
 .debug_macro   0x00000000      0x123 ./src/gpio.o
 .debug_macro   0x00000000       0x22 ./src/gpio.o
 .group         0x00000000        0x8 P:\Eigenprojekte\NXP\NXPriment\APP\CMSISv2p00_LPC11xx\Debug\libCMSISv2p00_LPC11xx.a(system_LPC11xx.o)
 .group         0x00000000        0x8 P:\Eigenprojekte\NXP\NXPriment\APP\CMSISv2p00_LPC11xx\Debug\libCMSISv2p00_LPC11xx.a(system_LPC11xx.o)
 .group         0x00000000        0x8 P:\Eigenprojekte\NXP\NXPriment\APP\CMSISv2p00_LPC11xx\Debug\libCMSISv2p00_LPC11xx.a(system_LPC11xx.o)
 .group         0x00000000        0x8 P:\Eigenprojekte\NXP\NXPriment\APP\CMSISv2p00_LPC11xx\Debug\libCMSISv2p00_LPC11xx.a(system_LPC11xx.o)
 .group         0x00000000        0x8 P:\Eigenprojekte\NXP\NXPriment\APP\CMSISv2p00_LPC11xx\Debug\libCMSISv2p00_LPC11xx.a(system_LPC11xx.o)
 .group         0x00000000        0x8 P:\Eigenprojekte\NXP\NXPriment\APP\CMSISv2p00_LPC11xx\Debug\libCMSISv2p00_LPC11xx.a(system_LPC11xx.o)
 .group         0x00000000        0x8 P:\Eigenprojekte\NXP\NXPriment\APP\CMSISv2p00_LPC11xx\Debug\libCMSISv2p00_LPC11xx.a(system_LPC11xx.o)
 .group         0x00000000        0x8 P:\Eigenprojekte\NXP\NXPriment\APP\CMSISv2p00_LPC11xx\Debug\libCMSISv2p00_LPC11xx.a(system_LPC11xx.o)
 .text          0x00000000        0x0 P:\Eigenprojekte\NXP\NXPriment\APP\CMSISv2p00_LPC11xx\Debug\libCMSISv2p00_LPC11xx.a(system_LPC11xx.o)
 .data          0x00000000        0x0 P:\Eigenprojekte\NXP\NXPriment\APP\CMSISv2p00_LPC11xx\Debug\libCMSISv2p00_LPC11xx.a(system_LPC11xx.o)
 .bss           0x00000000        0x0 P:\Eigenprojekte\NXP\NXPriment\APP\CMSISv2p00_LPC11xx\Debug\libCMSISv2p00_LPC11xx.a(system_LPC11xx.o)
 .debug_macro   0x00000000       0x10 P:\Eigenprojekte\NXP\NXPriment\APP\CMSISv2p00_LPC11xx\Debug\libCMSISv2p00_LPC11xx.a(system_LPC11xx.o)
 .debug_macro   0x00000000      0x12d P:\Eigenprojekte\NXP\NXPriment\APP\CMSISv2p00_LPC11xx\Debug\libCMSISv2p00_LPC11xx.a(system_LPC11xx.o)
 .debug_macro   0x00000000      0x5b2 P:\Eigenprojekte\NXP\NXPriment\APP\CMSISv2p00_LPC11xx\Debug\libCMSISv2p00_LPC11xx.a(system_LPC11xx.o)
 .debug_macro   0x00000000       0x1c P:\Eigenprojekte\NXP\NXPriment\APP\CMSISv2p00_LPC11xx\Debug\libCMSISv2p00_LPC11xx.a(system_LPC11xx.o)
 .debug_macro   0x00000000       0x2e P:\Eigenprojekte\NXP\NXPriment\APP\CMSISv2p00_LPC11xx\Debug\libCMSISv2p00_LPC11xx.a(system_LPC11xx.o)
 .debug_macro   0x00000000      0x237 P:\Eigenprojekte\NXP\NXPriment\APP\CMSISv2p00_LPC11xx\Debug\libCMSISv2p00_LPC11xx.a(system_LPC11xx.o)
 .debug_macro   0x00000000      0x123 P:\Eigenprojekte\NXP\NXPriment\APP\CMSISv2p00_LPC11xx\Debug\libCMSISv2p00_LPC11xx.a(system_LPC11xx.o)
 .text          0x00000000        0x0 c:/nxp/lpcxpresso_8.2.2_650/lpcxpresso/tools/bin/../lib/gcc/arm-none-eabi/5.4.1/../../../../arm-none-eabi/lib/armv6-m\libcr_c.a(__weak__main.o)
 .data          0x00000000        0x0 c:/nxp/lpcxpresso_8.2.2_650/lpcxpresso/tools/bin/../lib/gcc/arm-none-eabi/5.4.1/../../../../arm-none-eabi/lib/armv6-m\libcr_c.a(__weak__main.o)
 .bss           0x00000000        0x0 c:/nxp/lpcxpresso_8.2.2_650/lpcxpresso/tools/bin/../lib/gcc/arm-none-eabi/5.4.1/../../../../arm-none-eabi/lib/armv6-m\libcr_c.a(__weak__main.o)
 .text          0x00000000        0x0 c:/nxp/lpcxpresso_8.2.2_650/lpcxpresso/tools/bin/../lib/gcc/arm-none-eabi/5.4.1/../../../../arm-none-eabi/lib/armv6-m\libcr_c.a(log10.o)
 .data          0x00000000        0x0 c:/nxp/lpcxpresso_8.2.2_650/lpcxpresso/tools/bin/../lib/gcc/arm-none-eabi/5.4.1/../../../../arm-none-eabi/lib/armv6-m\libcr_c.a(log10.o)
 .bss           0x00000000        0x0 c:/nxp/lpcxpresso_8.2.2_650/lpcxpresso/tools/bin/../lib/gcc/arm-none-eabi/5.4.1/../../../../arm-none-eabi/lib/armv6-m\libcr_c.a(log10.o)
 .text.log10    0x00000000       0x18 c:/nxp/lpcxpresso_8.2.2_650/lpcxpresso/tools/bin/../lib/gcc/arm-none-eabi/5.4.1/../../../../arm-none-eabi/lib/armv6-m\libcr_c.a(log10.o)
 .comment       0x00000000       0x6f c:/nxp/lpcxpresso_8.2.2_650/lpcxpresso/tools/bin/../lib/gcc/arm-none-eabi/5.4.1/../../../../arm-none-eabi/lib/armv6-m\libcr_c.a(log10.o)
 .ARM.attributes
                0x00000000       0x31 c:/nxp/lpcxpresso_8.2.2_650/lpcxpresso/tools/bin/../lib/gcc/arm-none-eabi/5.4.1/../../../../arm-none-eabi/lib/armv6-m\libcr_c.a(log10.o)
 .text          0x00000000        0x0 c:/nxp/lpcxpresso_8.2.2_650/lpcxpresso/tools/bin/../lib/gcc/arm-none-eabi/5.4.1/../../../../arm-none-eabi/lib/armv6-m\libcr_c.a(log.o)
 .data          0x00000000        0x0 c:/nxp/lpcxpresso_8.2.2_650/lpcxpresso/tools/bin/../lib/gcc/arm-none-eabi/5.4.1/../../../../arm-none-eabi/lib/armv6-m\libcr_c.a(log.o)
 .bss           0x00000000        0x0 c:/nxp/lpcxpresso_8.2.2_650/lpcxpresso/tools/bin/../lib/gcc/arm-none-eabi/5.4.1/../../../../arm-none-eabi/lib/armv6-m\libcr_c.a(log.o)
 .text.log      0x00000000      0x1d4 c:/nxp/lpcxpresso_8.2.2_650/lpcxpresso/tools/bin/../lib/gcc/arm-none-eabi/5.4.1/../../../../arm-none-eabi/lib/armv6-m\libcr_c.a(log.o)
 .comment       0x00000000       0x6f c:/nxp/lpcxpresso_8.2.2_650/lpcxpresso/tools/bin/../lib/gcc/arm-none-eabi/5.4.1/../../../../arm-none-eabi/lib/armv6-m\libcr_c.a(log.o)
 .ARM.attributes
                0x00000000       0x31 c:/nxp/lpcxpresso_8.2.2_650/lpcxpresso/tools/bin/../lib/gcc/arm-none-eabi/5.4.1/../../../../arm-none-eabi/lib/armv6-m\libcr_c.a(log.o)
 .text          0x00000000        0x0 c:/nxp/lpcxpresso_8.2.2_650/lpcxpresso/tools/bin/../lib/gcc/arm-none-eabi/5.4.1/../../../../arm-none-eabi/lib/armv6-m\libcr_c.a(_hugeval.o)
 .data          0x00000000        0x0 c:/nxp/lpcxpresso_8.2.2_650/lpcxpresso/tools/bin/../lib/gcc/arm-none-eabi/5.4.1/../../../../arm-none-eabi/lib/armv6-m\libcr_c.a(_hugeval.o)
 .bss           0x00000000        0x0 c:/nxp/lpcxpresso_8.2.2_650/lpcxpresso/tools/bin/../lib/gcc/arm-none-eabi/5.4.1/../../../../arm-none-eabi/lib/armv6-m\libcr_c.a(_hugeval.o)
 .rodata.__huge_val
                0x00000000        0x8 c:/nxp/lpcxpresso_8.2.2_650/lpcxpresso/tools/bin/../lib/gcc/arm-none-eabi/5.4.1/../../../../arm-none-eabi/lib/armv6-m\libcr_c.a(_hugeval.o)
 .rodata.__huge_vall
                0x00000000        0x8 c:/nxp/lpcxpresso_8.2.2_650/lpcxpresso/tools/bin/../lib/gcc/arm-none-eabi/5.4.1/../../../../arm-none-eabi/lib/armv6-m\libcr_c.a(_hugeval.o)
 .comment       0x00000000       0x6f c:/nxp/lpcxpresso_8.2.2_650/lpcxpresso/tools/bin/../lib/gcc/arm-none-eabi/5.4.1/../../../../arm-none-eabi/lib/armv6-m\libcr_c.a(_hugeval.o)
 .ARM.attributes
                0x00000000       0x31 c:/nxp/lpcxpresso_8.2.2_650/lpcxpresso/tools/bin/../lib/gcc/arm-none-eabi/5.4.1/../../../../arm-none-eabi/lib/armv6-m\libcr_c.a(_hugeval.o)
 .text          0x00000000        0x0 c:/nxp/lpcxpresso_8.2.2_650/lpcxpresso/tools/bin/../lib/gcc/arm-none-eabi/5.4.1/../../../../arm-none-eabi/lib/armv6-m\libcr_c.a(errno.o)
 .data          0x00000000        0x0 c:/nxp/lpcxpresso_8.2.2_650/lpcxpresso/tools/bin/../lib/gcc/arm-none-eabi/5.4.1/../../../../arm-none-eabi/lib/armv6-m\libcr_c.a(errno.o)
 .bss           0x00000000        0x0 c:/nxp/lpcxpresso_8.2.2_650/lpcxpresso/tools/bin/../lib/gcc/arm-none-eabi/5.4.1/../../../../arm-none-eabi/lib/armv6-m\libcr_c.a(errno.o)
 .bss.errno     0x00000000        0x4 c:/nxp/lpcxpresso_8.2.2_650/lpcxpresso/tools/bin/../lib/gcc/arm-none-eabi/5.4.1/../../../../arm-none-eabi/lib/armv6-m\libcr_c.a(errno.o)
 .comment       0x00000000       0x6f c:/nxp/lpcxpresso_8.2.2_650/lpcxpresso/tools/bin/../lib/gcc/arm-none-eabi/5.4.1/../../../../arm-none-eabi/lib/armv6-m\libcr_c.a(errno.o)
 .ARM.attributes
                0x00000000       0x31 c:/nxp/lpcxpresso_8.2.2_650/lpcxpresso/tools/bin/../lib/gcc/arm-none-eabi/5.4.1/../../../../arm-none-eabi/lib/armv6-m\libcr_c.a(errno.o)
 .text          0x00000000        0x0 c:/nxp/lpcxpresso_8.2.2_650/lpcxpresso/tools/bin/../lib/gcc/arm-none-eabi/5.4.1/../../../../arm-none-eabi/lib/armv6-m\libcr_c.a(frexp.o)
 .data          0x00000000        0x0 c:/nxp/lpcxpresso_8.2.2_650/lpcxpresso/tools/bin/../lib/gcc/arm-none-eabi/5.4.1/../../../../arm-none-eabi/lib/armv6-m\libcr_c.a(frexp.o)
 .bss           0x00000000        0x0 c:/nxp/lpcxpresso_8.2.2_650/lpcxpresso/tools/bin/../lib/gcc/arm-none-eabi/5.4.1/../../../../arm-none-eabi/lib/armv6-m\libcr_c.a(frexp.o)
 .text.frexp    0x00000000       0x80 c:/nxp/lpcxpresso_8.2.2_650/lpcxpresso/tools/bin/../lib/gcc/arm-none-eabi/5.4.1/../../../../arm-none-eabi/lib/armv6-m\libcr_c.a(frexp.o)
 .comment       0x00000000       0x6f c:/nxp/lpcxpresso_8.2.2_650/lpcxpresso/tools/bin/../lib/gcc/arm-none-eabi/5.4.1/../../../../arm-none-eabi/lib/armv6-m\libcr_c.a(frexp.o)
 .ARM.attributes
                0x00000000       0x31 c:/nxp/lpcxpresso_8.2.2_650/lpcxpresso/tools/bin/../lib/gcc/arm-none-eabi/5.4.1/../../../../arm-none-eabi/lib/armv6-m\libcr_c.a(frexp.o)
 .text          0x00000000        0x0 c:/nxp/lpcxpresso_8.2.2_650/lpcxpresso/tools/bin/../lib/gcc/arm-none-eabi/5.4.1/armv6-m\libcr_eabihelpers.a(division_32.o)
 .data          0x00000000        0x0 c:/nxp/lpcxpresso_8.2.2_650/lpcxpresso/tools/bin/../lib/gcc/arm-none-eabi/5.4.1/armv6-m\libcr_eabihelpers.a(division_32.o)
 .bss           0x00000000        0x0 c:/nxp/lpcxpresso_8.2.2_650/lpcxpresso/tools/bin/../lib/gcc/arm-none-eabi/5.4.1/armv6-m\libcr_eabihelpers.a(division_32.o)
 .text          0x00000000        0x0 c:/nxp/lpcxpresso_8.2.2_650/lpcxpresso/tools/bin/../lib/gcc/arm-none-eabi/5.4.1/armv6-m\libcr_eabihelpers.a(division_idiv0.o)
 .data          0x00000000        0x0 c:/nxp/lpcxpresso_8.2.2_650/lpcxpresso/tools/bin/../lib/gcc/arm-none-eabi/5.4.1/armv6-m\libcr_eabihelpers.a(division_idiv0.o)
 .bss           0x00000000        0x0 c:/nxp/lpcxpresso_8.2.2_650/lpcxpresso/tools/bin/../lib/gcc/arm-none-eabi/5.4.1/armv6-m\libcr_eabihelpers.a(division_idiv0.o)
 .text          0x00000000        0x0 c:/nxp/lpcxpresso_8.2.2_650/lpcxpresso/tools/bin/../lib/gcc/arm-none-eabi/5.4.1/armv6-m\libcr_eabihelpers.a(double.o)
 .data          0x00000000        0x0 c:/nxp/lpcxpresso_8.2.2_650/lpcxpresso/tools/bin/../lib/gcc/arm-none-eabi/5.4.1/armv6-m\libcr_eabihelpers.a(double.o)
 .bss           0x00000000        0x0 c:/nxp/lpcxpresso_8.2.2_650/lpcxpresso/tools/bin/../lib/gcc/arm-none-eabi/5.4.1/armv6-m\libcr_eabihelpers.a(double.o)
 .text.__aeabi_dmul
                0x00000000      0x17c c:/nxp/lpcxpresso_8.2.2_650/lpcxpresso/tools/bin/../lib/gcc/arm-none-eabi/5.4.1/armv6-m\libcr_eabihelpers.a(double.o)
 .text.__aeabi_ddiv
                0x00000000      0x14c c:/nxp/lpcxpresso_8.2.2_650/lpcxpresso/tools/bin/../lib/gcc/arm-none-eabi/5.4.1/armv6-m\libcr_eabihelpers.a(double.o)
 .text.__aeabi_dsub
                0x00000000      0x1c8 c:/nxp/lpcxpresso_8.2.2_650/lpcxpresso/tools/bin/../lib/gcc/arm-none-eabi/5.4.1/armv6-m\libcr_eabihelpers.a(double.o)
 .text.__aeabi_dadd
                0x00000000      0x130 c:/nxp/lpcxpresso_8.2.2_650/lpcxpresso/tools/bin/../lib/gcc/arm-none-eabi/5.4.1/armv6-m\libcr_eabihelpers.a(double.o)
 .text.__aeabi_drsub
                0x00000000       0x18 c:/nxp/lpcxpresso_8.2.2_650/lpcxpresso/tools/bin/../lib/gcc/arm-none-eabi/5.4.1/armv6-m\libcr_eabihelpers.a(double.o)
 .text.__aeabi_dneg
                0x00000000        0xc c:/nxp/lpcxpresso_8.2.2_650/lpcxpresso/tools/bin/../lib/gcc/arm-none-eabi/5.4.1/armv6-m\libcr_eabihelpers.a(double.o)
 .text.__aeabi_d2f
                0x00000000       0x64 c:/nxp/lpcxpresso_8.2.2_650/lpcxpresso/tools/bin/../lib/gcc/arm-none-eabi/5.4.1/armv6-m\libcr_eabihelpers.a(double.o)
 .text.__aeabi_d2iz
                0x00000000       0x44 c:/nxp/lpcxpresso_8.2.2_650/lpcxpresso/tools/bin/../lib/gcc/arm-none-eabi/5.4.1/armv6-m\libcr_eabihelpers.a(double.o)
 .text.__aeabi_d2uiz
                0x00000000       0x34 c:/nxp/lpcxpresso_8.2.2_650/lpcxpresso/tools/bin/../lib/gcc/arm-none-eabi/5.4.1/armv6-m\libcr_eabihelpers.a(double.o)
 .text.__aeabi_d2lz
                0x00000000       0x78 c:/nxp/lpcxpresso_8.2.2_650/lpcxpresso/tools/bin/../lib/gcc/arm-none-eabi/5.4.1/armv6-m\libcr_eabihelpers.a(double.o)
 .text.__aeabi_d2ulz
                0x00000000       0x58 c:/nxp/lpcxpresso_8.2.2_650/lpcxpresso/tools/bin/../lib/gcc/arm-none-eabi/5.4.1/armv6-m\libcr_eabihelpers.a(double.o)
 .text.__bhs_ui2d
                0x00000000       0x5e c:/nxp/lpcxpresso_8.2.2_650/lpcxpresso/tools/bin/../lib/gcc/arm-none-eabi/5.4.1/armv6-m\libcr_eabihelpers.a(double.o)
 .text.__bhs_ul2d
                0x00000000       0xb4 c:/nxp/lpcxpresso_8.2.2_650/lpcxpresso/tools/bin/../lib/gcc/arm-none-eabi/5.4.1/armv6-m\libcr_eabihelpers.a(double.o)
 .text.__aeabi_i2d
                0x00000000       0x16 c:/nxp/lpcxpresso_8.2.2_650/lpcxpresso/tools/bin/../lib/gcc/arm-none-eabi/5.4.1/armv6-m\libcr_eabihelpers.a(double.o)
 .text.__aeabi_ui2d
                0x00000000        0xc c:/nxp/lpcxpresso_8.2.2_650/lpcxpresso/tools/bin/../lib/gcc/arm-none-eabi/5.4.1/armv6-m\libcr_eabihelpers.a(double.o)
 .text.__aeabi_l2d
                0x00000000       0x20 c:/nxp/lpcxpresso_8.2.2_650/lpcxpresso/tools/bin/../lib/gcc/arm-none-eabi/5.4.1/armv6-m\libcr_eabihelpers.a(double.o)
 .text.__aeabi_ul2d
                0x00000000        0xc c:/nxp/lpcxpresso_8.2.2_650/lpcxpresso/tools/bin/../lib/gcc/arm-none-eabi/5.4.1/armv6-m\libcr_eabihelpers.a(double.o)
 .text.__aeabi_dcmpeq
                0x00000000       0x30 c:/nxp/lpcxpresso_8.2.2_650/lpcxpresso/tools/bin/../lib/gcc/arm-none-eabi/5.4.1/armv6-m\libcr_eabihelpers.a(double.o)
 .text.__aeabi_dcmplt
                0x00000000       0x5c c:/nxp/lpcxpresso_8.2.2_650/lpcxpresso/tools/bin/../lib/gcc/arm-none-eabi/5.4.1/armv6-m\libcr_eabihelpers.a(double.o)
 .text.__aeabi_dcmpgt
                0x00000000       0x5c c:/nxp/lpcxpresso_8.2.2_650/lpcxpresso/tools/bin/../lib/gcc/arm-none-eabi/5.4.1/armv6-m\libcr_eabihelpers.a(double.o)
 .text.__aeabi_dcmple
                0x00000000       0x5c c:/nxp/lpcxpresso_8.2.2_650/lpcxpresso/tools/bin/../lib/gcc/arm-none-eabi/5.4.1/armv6-m\libcr_eabihelpers.a(double.o)
 .text.__aeabi_dcmpge
                0x00000000       0x60 c:/nxp/lpcxpresso_8.2.2_650/lpcxpresso/tools/bin/../lib/gcc/arm-none-eabi/5.4.1/armv6-m\libcr_eabihelpers.a(double.o)
 .text.__aeabi_dcmpun
                0x00000000       0x18 c:/nxp/lpcxpresso_8.2.2_650/lpcxpresso/tools/bin/../lib/gcc/arm-none-eabi/5.4.1/armv6-m\libcr_eabihelpers.a(double.o)
 .text.__aeabi_cdcmple
                0x00000000       0x2e c:/nxp/lpcxpresso_8.2.2_650/lpcxpresso/tools/bin/../lib/gcc/arm-none-eabi/5.4.1/armv6-m\libcr_eabihelpers.a(double.o)
 .text.__aeabi_cdrcmple
                0x00000000       0x14 c:/nxp/lpcxpresso_8.2.2_650/lpcxpresso/tools/bin/../lib/gcc/arm-none-eabi/5.4.1/armv6-m\libcr_eabihelpers.a(double.o)
 .comment       0x00000000       0x6f c:/nxp/lpcxpresso_8.2.2_650/lpcxpresso/tools/bin/../lib/gcc/arm-none-eabi/5.4.1/armv6-m\libcr_eabihelpers.a(double.o)
 .ARM.attributes
                0x00000000       0x31 c:/nxp/lpcxpresso_8.2.2_650/lpcxpresso/tools/bin/../lib/gcc/arm-none-eabi/5.4.1/armv6-m\libcr_eabihelpers.a(double.o)
 .text          0x00000000        0x0 c:/nxp/lpcxpresso_8.2.2_650/lpcxpresso/tools/bin/../lib/gcc/arm-none-eabi/5.4.1/armv6-m\libcr_eabihelpers.a(float.o)
 .data          0x00000000        0x0 c:/nxp/lpcxpresso_8.2.2_650/lpcxpresso/tools/bin/../lib/gcc/arm-none-eabi/5.4.1/armv6-m\libcr_eabihelpers.a(float.o)
 .bss           0x00000000        0x0 c:/nxp/lpcxpresso_8.2.2_650/lpcxpresso/tools/bin/../lib/gcc/arm-none-eabi/5.4.1/armv6-m\libcr_eabihelpers.a(float.o)
 .text.__aeabi_fmul
                0x00000000       0xc4 c:/nxp/lpcxpresso_8.2.2_650/lpcxpresso/tools/bin/../lib/gcc/arm-none-eabi/5.4.1/armv6-m\libcr_eabihelpers.a(float.o)
 .text.__aeabi_fdiv
                0x00000000       0xf0 c:/nxp/lpcxpresso_8.2.2_650/lpcxpresso/tools/bin/../lib/gcc/arm-none-eabi/5.4.1/armv6-m\libcr_eabihelpers.a(float.o)
 .text.__aeabi_fsub
                0x00000000      0x130 c:/nxp/lpcxpresso_8.2.2_650/lpcxpresso/tools/bin/../lib/gcc/arm-none-eabi/5.4.1/armv6-m\libcr_eabihelpers.a(float.o)
 .text.__aeabi_fadd
                0x00000000       0xb8 c:/nxp/lpcxpresso_8.2.2_650/lpcxpresso/tools/bin/../lib/gcc/arm-none-eabi/5.4.1/armv6-m\libcr_eabihelpers.a(float.o)
 .text.__aeabi_frsub
                0x00000000       0x10 c:/nxp/lpcxpresso_8.2.2_650/lpcxpresso/tools/bin/../lib/gcc/arm-none-eabi/5.4.1/armv6-m\libcr_eabihelpers.a(float.o)
 .text.__aeabi_fneg
                0x00000000        0x8 c:/nxp/lpcxpresso_8.2.2_650/lpcxpresso/tools/bin/../lib/gcc/arm-none-eabi/5.4.1/armv6-m\libcr_eabihelpers.a(float.o)
 .text.__aeabi_f2iz
                0x00000000       0x38 c:/nxp/lpcxpresso_8.2.2_650/lpcxpresso/tools/bin/../lib/gcc/arm-none-eabi/5.4.1/armv6-m\libcr_eabihelpers.a(float.o)
 .text.__aeabi_f2uiz
                0x00000000       0x28 c:/nxp/lpcxpresso_8.2.2_650/lpcxpresso/tools/bin/../lib/gcc/arm-none-eabi/5.4.1/armv6-m\libcr_eabihelpers.a(float.o)
 .text.__aeabi_f2lz
                0x00000000       0x64 c:/nxp/lpcxpresso_8.2.2_650/lpcxpresso/tools/bin/../lib/gcc/arm-none-eabi/5.4.1/armv6-m\libcr_eabihelpers.a(float.o)
 .text.__aeabi_f2ulz
                0x00000000       0x3c c:/nxp/lpcxpresso_8.2.2_650/lpcxpresso/tools/bin/../lib/gcc/arm-none-eabi/5.4.1/armv6-m\libcr_eabihelpers.a(float.o)
 .text.__bhs_ui2f
                0x00000000       0x62 c:/nxp/lpcxpresso_8.2.2_650/lpcxpresso/tools/bin/../lib/gcc/arm-none-eabi/5.4.1/armv6-m\libcr_eabihelpers.a(float.o)
 .text.__bhs_ul2f
                0x00000000       0x84 c:/nxp/lpcxpresso_8.2.2_650/lpcxpresso/tools/bin/../lib/gcc/arm-none-eabi/5.4.1/armv6-m\libcr_eabihelpers.a(float.o)
 .text.__aeabi_i2f
                0x00000000       0x16 c:/nxp/lpcxpresso_8.2.2_650/lpcxpresso/tools/bin/../lib/gcc/arm-none-eabi/5.4.1/armv6-m\libcr_eabihelpers.a(float.o)
 .text.__aeabi_ui2f
                0x00000000        0xc c:/nxp/lpcxpresso_8.2.2_650/lpcxpresso/tools/bin/../lib/gcc/arm-none-eabi/5.4.1/armv6-m\libcr_eabihelpers.a(float.o)
 .text.__aeabi_l2f
                0x00000000       0x20 c:/nxp/lpcxpresso_8.2.2_650/lpcxpresso/tools/bin/../lib/gcc/arm-none-eabi/5.4.1/armv6-m\libcr_eabihelpers.a(float.o)
 .text.__aeabi_ul2f
                0x00000000        0xc c:/nxp/lpcxpresso_8.2.2_650/lpcxpresso/tools/bin/../lib/gcc/arm-none-eabi/5.4.1/armv6-m\libcr_eabihelpers.a(float.o)
 .text.__aeabi_f2d
                0x00000000       0x40 c:/nxp/lpcxpresso_8.2.2_650/lpcxpresso/tools/bin/../lib/gcc/arm-none-eabi/5.4.1/armv6-m\libcr_eabihelpers.a(float.o)
 .text.__aeabi_fcmpeq
                0x00000000       0x20 c:/nxp/lpcxpresso_8.2.2_650/lpcxpresso/tools/bin/../lib/gcc/arm-none-eabi/5.4.1/armv6-m\libcr_eabihelpers.a(float.o)
 .text.__aeabi_fcmplt
                0x00000000       0x44 c:/nxp/lpcxpresso_8.2.2_650/lpcxpresso/tools/bin/../lib/gcc/arm-none-eabi/5.4.1/armv6-m\libcr_eabihelpers.a(float.o)
 .text.__aeabi_fcmpgt
                0x00000000       0x3e c:/nxp/lpcxpresso_8.2.2_650/lpcxpresso/tools/bin/../lib/gcc/arm-none-eabi/5.4.1/armv6-m\libcr_eabihelpers.a(float.o)
 .text.__aeabi_fcmple
                0x00000000       0x40 c:/nxp/lpcxpresso_8.2.2_650/lpcxpresso/tools/bin/../lib/gcc/arm-none-eabi/5.4.1/armv6-m\libcr_eabihelpers.a(float.o)
 .text.__aeabi_fcmpge
                0x00000000       0x3c c:/nxp/lpcxpresso_8.2.2_650/lpcxpresso/tools/bin/../lib/gcc/arm-none-eabi/5.4.1/armv6-m\libcr_eabihelpers.a(float.o)
 .text.__aeabi_fcmpun
                0x00000000       0x16 c:/nxp/lpcxpresso_8.2.2_650/lpcxpresso/tools/bin/../lib/gcc/arm-none-eabi/5.4.1/armv6-m\libcr_eabihelpers.a(float.o)
 .text.__aeabi_cfcmple
                0x00000000       0x24 c:/nxp/lpcxpresso_8.2.2_650/lpcxpresso/tools/bin/../lib/gcc/arm-none-eabi/5.4.1/armv6-m\libcr_eabihelpers.a(float.o)
 .text.__aeabi_cfrcmple
                0x00000000        0xe c:/nxp/lpcxpresso_8.2.2_650/lpcxpresso/tools/bin/../lib/gcc/arm-none-eabi/5.4.1/armv6-m\libcr_eabihelpers.a(float.o)
 .comment       0x00000000       0x6f c:/nxp/lpcxpresso_8.2.2_650/lpcxpresso/tools/bin/../lib/gcc/arm-none-eabi/5.4.1/armv6-m\libcr_eabihelpers.a(float.o)
 .ARM.attributes
                0x00000000       0x31 c:/nxp/lpcxpresso_8.2.2_650/lpcxpresso/tools/bin/../lib/gcc/arm-none-eabi/5.4.1/armv6-m\libcr_eabihelpers.a(float.o)
 .text          0x00000000        0x0 c:/nxp/lpcxpresso_8.2.2_650/lpcxpresso/tools/bin/../lib/gcc/arm-none-eabi/5.4.1/armv6-m\libcr_eabihelpers.a(llong.o)
 .data          0x00000000        0x0 c:/nxp/lpcxpresso_8.2.2_650/lpcxpresso/tools/bin/../lib/gcc/arm-none-eabi/5.4.1/armv6-m\libcr_eabihelpers.a(llong.o)
 .bss           0x00000000        0x0 c:/nxp/lpcxpresso_8.2.2_650/lpcxpresso/tools/bin/../lib/gcc/arm-none-eabi/5.4.1/armv6-m\libcr_eabihelpers.a(llong.o)
 .text.__aeabi_llong_lmul
                0x00000000       0x2e c:/nxp/lpcxpresso_8.2.2_650/lpcxpresso/tools/bin/../lib/gcc/arm-none-eabi/5.4.1/armv6-m\libcr_eabihelpers.a(llong.o)
 .text.__aeabi_llong_llsl
                0x00000000       0x18 c:/nxp/lpcxpresso_8.2.2_650/lpcxpresso/tools/bin/../lib/gcc/arm-none-eabi/5.4.1/armv6-m\libcr_eabihelpers.a(llong.o)
 .text.__aeabi_llong_llsr
                0x00000000       0x18 c:/nxp/lpcxpresso_8.2.2_650/lpcxpresso/tools/bin/../lib/gcc/arm-none-eabi/5.4.1/armv6-m\libcr_eabihelpers.a(llong.o)
 .text.__aeabi_llong_lasr
                0x00000000       0x18 c:/nxp/lpcxpresso_8.2.2_650/lpcxpresso/tools/bin/../lib/gcc/arm-none-eabi/5.4.1/armv6-m\libcr_eabihelpers.a(llong.o)
 .text.__aeabi_llong_lcmp
                0x00000000       0x14 c:/nxp/lpcxpresso_8.2.2_650/lpcxpresso/tools/bin/../lib/gcc/arm-none-eabi/5.4.1/armv6-m\libcr_eabihelpers.a(llong.o)
 .text.__aeabi_llong_ulcmp
                0x00000000       0x10 c:/nxp/lpcxpresso_8.2.2_650/lpcxpresso/tools/bin/../lib/gcc/arm-none-eabi/5.4.1/armv6-m\libcr_eabihelpers.a(llong.o)
 .ARM.attributes
                0x00000000       0x21 c:/nxp/lpcxpresso_8.2.2_650/lpcxpresso/tools/bin/../lib/gcc/arm-none-eabi/5.4.1/armv6-m\libcr_eabihelpers.a(llong.o)

Memory Configuration

Name             Origin             Length             Attributes
MFlash32         0x00000000         0x00008000         xr
RamLoc8          0x10000000         0x00002000         xrw
*default*        0x00000000         0xffffffff

Linker script and memory map

LOAD ./src/APP.o
LOAD ./src/Initialization.o
LOAD ./src/Measurements.o
LOAD ./src/Timer.o
LOAD ./src/cr_startup_lpc11xx.o
LOAD ./src/crp.o
LOAD ./src/gpio.o
LOAD P:\Eigenprojekte\NXP\NXPriment\APP\CMSISv2p00_LPC11xx\Debug\libCMSISv2p00_LPC11xx.a
START GROUP
LOAD c:/nxp/lpcxpresso_8.2.2_650/lpcxpresso/tools/bin/../lib/gcc/arm-none-eabi/5.4.1/../../../../arm-none-eabi/lib/armv6-m\libcr_c.a
LOAD c:/nxp/lpcxpresso_8.2.2_650/lpcxpresso/tools/bin/../lib/gcc/arm-none-eabi/5.4.1/armv6-m\libcr_eabihelpers.a
END GROUP
                0x00000000                __base_MFlash32 = 0x0
                0x00000000                __base_Flash = 0x0
                0x00008000                __top_MFlash32 = 0x8000
                0x00008000                __top_Flash = 0x8000
                0x10000000                __base_RamLoc8 = 0x10000000
                0x10000000                __base_RAM = 0x10000000
                0x10002000                __top_RamLoc8 = 0x10002000
                0x10002000                __top_RAM = 0x10002000

.text           0x00000000      0xaec
 FILL mask 0xff
                0x00000000                __vectors_start__ = ABSOLUTE (.)
 *(.isr_vector)
 .isr_vector    0x00000000       0xc0 ./src/cr_startup_lpc11xx.o
                0x00000000                g_pfnVectors
                0x000000c0                . = ALIGN (0x4)
                0x000000c0                __section_table_start = .
                0x000000c0                __data_section_table = .
                0x000000c0        0x4 LONG 0xaec LOADADDR (.data)
                0x000000c4        0x4 LONG 0x10000000 ADDR (.data)
                0x000000c8        0x4 LONG 0x8 SIZEOF (.data)
                0x000000cc                __data_section_table_end = .
                0x000000cc                __bss_section_table = .
                0x000000cc        0x4 LONG 0x10000008 ADDR (.bss)
                0x000000d0        0x4 LONG 0x18 SIZEOF (.bss)
                0x000000d4                __bss_section_table_end = .
                0x000000d4                __section_table_end = .
 *(.after_vectors*)
 .after_vectors
                0x000000d4      0x124 ./src/cr_startup_lpc11xx.o
                0x000000d4                data_init
                0x00000114                bss_init
                0x00000148                ResetISR
                0x000001c8                NMI_Handler
                0x000001d0                HardFault_Handler
                0x000001d8                SVC_Handler
                0x000001e0                PendSV_Handler
                0x000001e8                SysTick_Handler
                0x000001f0                IntDefaultHandler
                0x000001f0                PIOINT1_IRQHandler
                0x000001f0                CAN_IRQHandler
                0x000001f0                SSP0_IRQHandler
                0x000001f0                TIMER32_1_IRQHandler
                0x000001f0                TIMER16_1_IRQHandler
                0x000001f0                UART_IRQHandler
                0x000001f0                SSP1_IRQHandler
                0x000001f0                PIOINT2_IRQHandler
                0x000001f0                BOD_IRQHandler
                0x000001f0                WAKEUP_IRQHandler
                0x000001f0                PIOINT0_IRQHandler
                0x000001f0                I2C_IRQHandler
                0x000001f0                WDT_IRQHandler
                0x000001f0                ADC_IRQHandler
                0x000001f0                TIMER32_0_IRQHandler
                0x000001f0                PIOINT3_IRQHandler
                0x000002fc                . = 0x2fc
 *fill*         0x000001f8      0x104 ff
                0x000002fc                PROVIDE (__CRP_WORD_START__, .)
 *(.crp)
 .crp           0x000002fc        0x4 ./src/crp.o
                0x000002fc                CRP_WORD
                0x00000300                PROVIDE (__CRP_WORD_END__, .)
                0x00000001                ASSERT (! ((__CRP_WORD_START__ == __CRP_WORD_END__)), Linker CRP Enabled, but no CRP_WORD provided within application)
 *(.text*)
 .text.main     0x00000300       0xc0 ./src/APP.o
                0x00000300                main
 .text.Init_System
                0x000003c0       0x1c ./src/Initialization.o
                0x000003c0                Init_System
 .text.Configure_Ports_Out
                0x000003dc       0x5c ./src/Initialization.o
                0x000003dc                Configure_Ports_Out
 .text.Configure_Ports_In
                0x00000438       0x34 ./src/Initialization.o
                0x00000438                Configure_Ports_In
 .text.SCL_Low  0x0000046c       0x4c ./src/Initialization.o
                0x0000046c                SCL_Low
 .text.SDA_Low  0x000004b8       0x4c ./src/Initialization.o
                0x000004b8                SDA_Low
 .text.SCL_High
                0x00000504       0x4c ./src/Initialization.o
                0x00000504                SCL_High
 .text.SDA_High
                0x00000550       0x4c ./src/Initialization.o
                0x00000550                SDA_High
 .text.Start_Sequence
                0x0000059c       0x2c ./src/Measurements.o
                0x0000059c                Start_Sequence
 .text.get_temperature
                0x000005c8       0x98 ./src/Measurements.o
                0x000005c8                get_temperature
 .text.get_humidity
                0x00000660       0x9c ./src/Measurements.o
                0x00000660                get_humidity
 .text.Store_Data
                0x000006fc        0xc ./src/Measurements.o
                0x000006fc                Store_Data
 .text.NVIC_EnableIRQ
                0x00000708       0x2c ./src/Timer.o
 .text.TIMER16_0_IRQHandler
                0x00000734       0x58 ./src/Timer.o
                0x00000734                TIMER16_0_IRQHandler
 .text.timerInit
                0x0000078c       0x54 ./src/Timer.o
                0x0000078c                timerInit
 .text.GPIOInit
                0x000007e0       0x3c ./src/gpio.o
                0x000007e0                GPIOInit
 .text.GPIOSetValue
                0x0000081c       0x34 ./src/gpio.o
                0x0000081c                GPIOSetValue
 .text.GPIOSetDir
                0x00000850       0x70 ./src/gpio.o
                0x00000850                GPIOSetDir
 .text.SystemCoreClockUpdate
                0x000008c0       0xb0 P:\Eigenprojekte\NXP\NXPriment\APP\CMSISv2p00_LPC11xx\Debug\libCMSISv2p00_LPC11xx.a(system_LPC11xx.o)
                0x000008c0                SystemCoreClockUpdate
 .text.SystemInit
                0x00000970       0x94 P:\Eigenprojekte\NXP\NXPriment\APP\CMSISv2p00_LPC11xx\Debug\libCMSISv2p00_LPC11xx.a(system_LPC11xx.o)
                0x00000970                SystemInit
 .text.__weak_main
                0x00000a04        0x8 c:/nxp/lpcxpresso_8.2.2_650/lpcxpresso/tools/bin/../lib/gcc/arm-none-eabi/5.4.1/../../../../arm-none-eabi/lib/armv6-m\libcr_c.a(__weak__main.o)
                0x00000a04                __weak_main
                0x00000a04                __main
 .text.__aeabi_division_idivmod
                0x00000a0c       0x78 c:/nxp/lpcxpresso_8.2.2_650/lpcxpresso/tools/bin/../lib/gcc/arm-none-eabi/5.4.1/armv6-m\libcr_eabihelpers.a(division_32.o)
                0x00000a0c                __aeabi_idivmod
                0x00000a0c                __aeabi_idiv
                0x00000a12                __aeabi_uidivmod
                0x00000a12                __aeabi_uidiv
 .text.__aeabi_division_idiv0
                0x00000a84        0x2 c:/nxp/lpcxpresso_8.2.2_650/lpcxpresso/tools/bin/../lib/gcc/arm-none-eabi/5.4.1/armv6-m\libcr_eabihelpers.a(division_idiv0.o)
                0x00000a84                __aeabi_idiv0
 *(.rodata .rodata.* .constdata .constdata.*)
 *fill*         0x00000a86        0x2 ff
 .rodata.main   0x00000a88       0x14 ./src/APP.o
 .rodata.LPC_GPIO
                0x00000a9c       0x10 ./src/gpio.o
 .rodata.CSWTCH.7
                0x00000aac       0x40 P:\Eigenprojekte\NXP\NXPriment\APP\CMSISv2p00_LPC11xx\Debug\libCMSISv2p00_LPC11xx.a(system_LPC11xx.o)
                0x00000aec                . = ALIGN (0x4)

.glue_7         0x00000aec        0x0
 .glue_7        0x00000aec        0x0 linker stubs

.glue_7t        0x00000aec        0x0
 .glue_7t       0x00000aec        0x0 linker stubs

.vfp11_veneer   0x00000aec        0x0
 .vfp11_veneer  0x00000aec        0x0 linker stubs

.v4_bx          0x00000aec        0x0
 .v4_bx         0x00000aec        0x0 linker stubs

.iplt           0x00000aec        0x0
 .iplt          0x00000aec        0x0 ./src/APP.o

.rel.dyn        0x00000aec        0x0
 .rel.iplt      0x00000aec        0x0 ./src/APP.o

.ARM.extab
 *(.ARM.extab* .gnu.linkonce.armextab.*)
                0x00000aec                __exidx_start = .

.ARM.exidx
 *(.ARM.exidx* .gnu.linkonce.armexidx.*)
                0x00000aec                __exidx_end = .
                0x00000aec                _etext = .

.uninit_RESERVED
                0x10000000        0x0
 *(.bss.$RESERVED*)
                0x10000000                . = ALIGN (0x4)
                0x10000000                _end_uninit_RESERVED = .

.data           0x10000000        0x8 load address 0x00000aec
 FILL mask 0xff
                0x10000000                _data = .
 *(vtable)
 *(.ramfunc*)
 *(.data*)
 .data.main_go  0x10000000        0x1 ./src/Timer.o
                0x10000000                main_go
 .data.started  0x10000001        0x1 ./src/Timer.o
                0x10000001                started
 *fill*         0x10000002        0x2 ff
 .data.SystemCoreClock
                0x10000004        0x4 P:\Eigenprojekte\NXP\NXPriment\APP\CMSISv2p00_LPC11xx\Debug\libCMSISv2p00_LPC11xx.a(system_LPC11xx.o)
                0x10000004                SystemCoreClock
                0x10000008                . = ALIGN (0x4)
                0x10000008                _edata = .

.igot.plt       0x10000008        0x0 load address 0x00000af4
 .igot.plt      0x10000008        0x0 ./src/APP.o

.bss            0x10000008       0x18 load address 0x00000af4
                0x10000008                _bss = .
 *(.bss*)
 .bss.iState    0x10000008        0x4 ./src/APP.o
                0x10000008                iState
 .bss.iFinish   0x1000000c        0x4 ./src/APP.o
                0x1000000c                iFinish
 .bss.iTemOrHR  0x10000010        0x4 ./src/APP.o
                0x10000010                iTemOrHR
 .bss.BitValue  0x10000014        0x1 ./src/Initialization.o
                0x10000014                BitValue
 *fill*         0x10000015        0x3 
 .bss.ms_since_reset
                0x10000018        0x4 ./src/Timer.o
                0x10000018                ms_since_reset
 .bss.main_counter
                0x1000001c        0x4 ./src/Timer.o
 *(COMMON)
                0x10000020                . = ALIGN (0x4)
                0x10000020                _ebss = .
                [!provide]                PROVIDE (end, .)

.noinit         0x10000020        0x0 load address 0x00000af4
                0x10000020                _noinit = .
 *(.noinit*)
                0x10000020                . = ALIGN (0x4)
                0x10000020                _end_noinit = .
                [!provide]                PROVIDE (_pvHeapStart, DEFINED (__user_heap_base)?__user_heap_base:.)
                0x10002000                PROVIDE (_vStackTop, DEFINED (__user_stack_top)?__user_stack_top:(__top_RamLoc8 - 0x0))
                0xefffdb1d                PROVIDE (__valid_user_code_checksum, (0x0 - (((_vStackTop + (ResetISR + 0x1)) + (DEFINED (NMI_Handler)?NMI_Handler:M0_NMI_Handler + 0x1)) + (DEFINED (HardFault_Handler)?HardFault_Handler:M0_HardFault_Handler + 0x1))))
OUTPUT(APP.axf elf32-littlearm)

.debug_info     0x00000000     0x205b
 .debug_info    0x00000000      0x25f ./src/APP.o
 .debug_info    0x0000025f      0x288 ./src/Initialization.o
 .debug_info    0x000004e7      0x31e ./src/Measurements.o
 .debug_info    0x00000805      0x8af ./src/Timer.o
 .debug_info    0x000010b4      0x203 ./src/cr_startup_lpc11xx.o
 .debug_info    0x000012b7       0x3f ./src/crp.o
 .debug_info    0x000012f6      0x8f7 ./src/gpio.o
 .debug_info    0x00001bed      0x46e P:\Eigenprojekte\NXP\NXPriment\APP\CMSISv2p00_LPC11xx\Debug\libCMSISv2p00_LPC11xx.a(system_LPC11xx.o)

.debug_abbrev   0x00000000      0x9e3
 .debug_abbrev  0x00000000      0x148 ./src/APP.o
 .debug_abbrev  0x00000148      0x15d ./src/Initialization.o
 .debug_abbrev  0x000002a5      0x190 ./src/Measurements.o
 .debug_abbrev  0x00000435      0x1dc ./src/Timer.o
 .debug_abbrev  0x00000611       0xe6 ./src/cr_startup_lpc11xx.o
 .debug_abbrev  0x000006f7       0x36 ./src/crp.o
 .debug_abbrev  0x0000072d      0x1b0 ./src/gpio.o
 .debug_abbrev  0x000008dd      0x106 P:\Eigenprojekte\NXP\NXPriment\APP\CMSISv2p00_LPC11xx\Debug\libCMSISv2p00_LPC11xx.a(system_LPC11xx.o)

.debug_aranges  0x00000000      0x1b8
 .debug_aranges
                0x00000000       0x20 ./src/APP.o
 .debug_aranges
                0x00000020       0x50 ./src/Initialization.o
 .debug_aranges
                0x00000070       0x40 ./src/Measurements.o
 .debug_aranges
                0x000000b0       0x30 ./src/Timer.o
 .debug_aranges
                0x000000e0       0x60 ./src/cr_startup_lpc11xx.o
 .debug_aranges
                0x00000140       0x18 ./src/crp.o
 .debug_aranges
                0x00000158       0x38 ./src/gpio.o
 .debug_aranges
                0x00000190       0x28 P:\Eigenprojekte\NXP\NXPriment\APP\CMSISv2p00_LPC11xx\Debug\libCMSISv2p00_LPC11xx.a(system_LPC11xx.o)

.debug_ranges   0x00000000      0x130
 .debug_ranges  0x00000000       0x10 ./src/APP.o
 .debug_ranges  0x00000010       0x40 ./src/Initialization.o
 .debug_ranges  0x00000050       0x30 ./src/Measurements.o
 .debug_ranges  0x00000080       0x20 ./src/Timer.o
 .debug_ranges  0x000000a0       0x50 ./src/cr_startup_lpc11xx.o
 .debug_ranges  0x000000f0       0x28 ./src/gpio.o
 .debug_ranges  0x00000118       0x18 P:\Eigenprojekte\NXP\NXPriment\APP\CMSISv2p00_LPC11xx\Debug\libCMSISv2p00_LPC11xx.a(system_LPC11xx.o)

.debug_macro    0x00000000     0x2150
 .debug_macro   0x00000000       0xdd ./src/APP.o
 .debug_macro   0x000000dd      0x83e ./src/APP.o
 .debug_macro   0x0000091b       0x1c ./src/APP.o
 .debug_macro   0x00000937       0x2e ./src/APP.o
 .debug_macro   0x00000965       0x10 ./src/APP.o
 .debug_macro   0x00000975      0x12d ./src/APP.o
 .debug_macro   0x00000aa2      0x5b2 ./src/APP.o
 .debug_macro   0x00001054      0x237 ./src/APP.o
 .debug_macro   0x0000128b      0x123 ./src/APP.o
 .debug_macro   0x000013ae       0x22 ./src/APP.o
 .debug_macro   0x000013d0       0x82 ./src/APP.o
 .debug_macro   0x00001452       0xc4 ./src/APP.o
 .debug_macro   0x00001516       0x96 ./src/Initialization.o
 .debug_macro   0x000015ac       0xad ./src/Measurements.o
 .debug_macro   0x00001659       0x96 ./src/Timer.o
 .debug_macro   0x000016ef       0x1d ./src/cr_startup_lpc11xx.o
 .debug_macro   0x0000170c       0x1a ./src/crp.o
 .debug_macro   0x00001726       0x34 ./src/crp.o
 .debug_macro   0x0000175a       0x83 ./src/gpio.o
 .debug_macro   0x000017dd      0x13b P:\Eigenprojekte\NXP\NXPriment\APP\CMSISv2p00_LPC11xx\Debug\libCMSISv2p00_LPC11xx.a(system_LPC11xx.o)
 .debug_macro   0x00001918      0x838 P:\Eigenprojekte\NXP\NXPriment\APP\CMSISv2p00_LPC11xx\Debug\libCMSISv2p00_LPC11xx.a(system_LPC11xx.o)

.debug_line     0x00000000      0xed5
 .debug_line    0x00000000      0x264 ./src/APP.o
 .debug_line    0x00000264      0x296 ./src/Initialization.o
 .debug_line    0x000004fa      0x2d8 ./src/Measurements.o
 .debug_line    0x000007d2      0x22e ./src/Timer.o
 .debug_line    0x00000a00       0xba ./src/cr_startup_lpc11xx.o
 .debug_line    0x00000aba       0x78 ./src/crp.o
 .debug_line    0x00000b32      0x1e3 ./src/gpio.o
 .debug_line    0x00000d15      0x1c0 P:\Eigenprojekte\NXP\NXPriment\APP\CMSISv2p00_LPC11xx\Debug\libCMSISv2p00_LPC11xx.a(system_LPC11xx.o)

.debug_str      0x00000000     0x68d8
 .debug_str     0x00000000     0x59a2 ./src/APP.o
                               0x5a1b (size before relaxing)
 .debug_str     0x000059a2       0x90 ./src/Initialization.o
                               0x553a (size before relaxing)
 .debug_str     0x00005a32       0xbb ./src/Measurements.o
                               0x5a6c (size before relaxing)
 .debug_str     0x00005aed      0x4b7 ./src/Timer.o
                               0x5985 (size before relaxing)
 .debug_str     0x00005fa4      0x178 ./src/cr_startup_lpc11xx.o
                               0x2511 (size before relaxing)
 .debug_str     0x0000611c       0xe9 ./src/crp.o
                               0x2473 (size before relaxing)
 .debug_str     0x00006205      0x23d ./src/gpio.o
                               0x54f3 (size before relaxing)
 .debug_str     0x00006442      0x496 P:\Eigenprojekte\NXP\NXPriment\APP\CMSISv2p00_LPC11xx\Debug\libCMSISv2p00_LPC11xx.a(system_LPC11xx.o)
                               0x55d8 (size before relaxing)

.comment        0x00000000       0xdc
 .comment       0x00000000       0x6e ./src/APP.o
                                 0x6f (size before relaxing)
 .comment       0x0000006e       0x6f ./src/Initialization.o
 .comment       0x0000006e       0x6f ./src/Measurements.o
 .comment       0x0000006e       0x6f ./src/Timer.o
 .comment       0x0000006e       0x6f ./src/cr_startup_lpc11xx.o
 .comment       0x0000006e       0x6f ./src/crp.o
 .comment       0x0000006e       0x6f ./src/gpio.o
 .comment       0x0000006e       0x6f P:\Eigenprojekte\NXP\NXPriment\APP\CMSISv2p00_LPC11xx\Debug\libCMSISv2p00_LPC11xx.a(system_LPC11xx.o)
 .comment       0x0000006e       0x6e c:/nxp/lpcxpresso_8.2.2_650/lpcxpresso/tools/bin/../lib/gcc/arm-none-eabi/5.4.1/../../../../arm-none-eabi/lib/armv6-m\libcr_c.a(__weak__main.o)
                                 0x6f (size before relaxing)

.ARM.attributes
                0x00000000       0x2f
 .ARM.attributes
                0x00000000       0x31 ./src/APP.o
 .ARM.attributes
                0x00000031       0x31 ./src/Initialization.o
 .ARM.attributes
                0x00000062       0x31 ./src/Measurements.o
 .ARM.attributes
                0x00000093       0x31 ./src/Timer.o
 .ARM.attributes
                0x000000c4       0x31 ./src/cr_startup_lpc11xx.o
 .ARM.attributes
                0x000000f5       0x31 ./src/crp.o
 .ARM.attributes
                0x00000126       0x31 ./src/gpio.o
 .ARM.attributes
                0x00000157       0x31 P:\Eigenprojekte\NXP\NXPriment\APP\CMSISv2p00_LPC11xx\Debug\libCMSISv2p00_LPC11xx.a(system_LPC11xx.o)
 .ARM.attributes
                0x00000188       0x31 c:/nxp/lpcxpresso_8.2.2_650/lpcxpresso/tools/bin/../lib/gcc/arm-none-eabi/5.4.1/../../../../arm-none-eabi/lib/armv6-m\libcr_c.a(__weak__main.o)
 .ARM.attributes
                0x000001b9       0x21 c:/nxp/lpcxpresso_8.2.2_650/lpcxpresso/tools/bin/../lib/gcc/arm-none-eabi/5.4.1/armv6-m\libcr_eabihelpers.a(division_32.o)
 .ARM.attributes
                0x000001da       0x21 c:/nxp/lpcxpresso_8.2.2_650/lpcxpresso/tools/bin/../lib/gcc/arm-none-eabi/5.4.1/armv6-m\libcr_eabihelpers.a(division_idiv0.o)

.debug_frame    0x00000000      0x3fc
 .debug_frame   0x00000000       0x2c ./src/APP.o
 .debug_frame   0x0000002c       0xd4 ./src/Initialization.o
 .debug_frame   0x00000100       0xac ./src/Measurements.o
 .debug_frame   0x000001ac       0x6c ./src/Timer.o
 .debug_frame   0x00000218      0x118 ./src/cr_startup_lpc11xx.o
 .debug_frame   0x00000330       0x8c ./src/gpio.o
 .debug_frame   0x000003bc       0x40 P:\Eigenprojekte\NXP\NXPriment\APP\CMSISv2p00_LPC11xx\Debug\libCMSISv2p00_LPC11xx.a(system_LPC11xx.o)

.debug_loc      0x00000000       0x84
 .debug_loc     0x00000000       0x84 P:\Eigenprojekte\NXP\NXPriment\APP\CMSISv2p00_LPC11xx\Debug\libCMSISv2p00_LPC11xx.a(system_LPC11xx.o)
